// Jest Snapshot v1, https://goo.gl/fbAQLP

exports[`App component Matches App snapshot 1`] = `
Array [
  <div
    className="navbar_wrapper"
>
    <div
        className="logo"
    >
        Math
        <span>
             Magicians
        </span>
    </div>
    <ul
        className="nav_list"
    >
        <li
            className="nav_item"
        >
            <a
                className="nav_link"
                href="/"
                onClick={[Function]}
            >
                Home
            </a>
        </li>
        <li
            className="nav_item"
        >
            <a
                className="nav_link"
                href="/Quote"
                onClick={[Function]}
            >
                Quote
            </a>
        </li>
        <li
            className="nav_item"
        >
            <a
                className="nav_link"
                href="/Calculator"
                onClick={[Function]}
            >
                Calculator
            </a>
        </li>
    </ul>
</div>,
  <div
    className="home"
>
    <h1
        className="home_title"
    >
        Welcome to the magic Calculator
    </h1>
    <p
        className="home_text"
    >
        Lorem ipsum dolor sit amet, consectetur adipiscing elit, sed do eiusmod tempor incididunt ut labore et dolore magna aliqua. Ut enim ad minim veniam, quis nostrud exercitation ullamco laboris nisi ut aliquip ex ea commodo consequat. Duis aute irure dolor in reprehenderit in voluptate velit esse cillum dolore eu fugiat nulla pariatur. Excepteur sint occaecat cupidatat non proident, sunt in culpa qui officia deserunt mollit anim id est laborum.
    </p>
</div>,
]
`;
