// Jest Snapshot v1, https://goo.gl/fbAQLP

exports[`ButtonPanel component rendrs sucessfully compared to its snapshot 1`] = `
<div
  className="buttonsPanel"
>
  <div
    className="buttons_row"
  >
    <button
      className="btn"
      onClick={[Function]}
      type="button"
    >
      AC
    </button>
    <button
      className="btn"
      onClick={[Function]}
      type="button"
    >
      +/-
    </button>
    <button
      className="btn"
      onClick={[Function]}
      type="button"
    >
      %
    </button>
    <button
      className="btn"
      onClick={[Function]}
      type="button"
    >
      /
    </button>
  </div>
  <div
    className="buttons_row"
  >
    <button
      className="btn"
      onClick={[Function]}
      type="button"
    >
      7
    </button>
    <button
      className="btn"
      onClick={[Function]}
      type="button"
    >
      8
    </button>
    <button
      className="btn"
      onClick={[Function]}
      type="button"
    >
      9
    </button>
    <button
      className="btn"
      onClick={[Function]}
      type="button"
    >
      *
    </button>
  </div>
  <div
    className="buttons_row"
  >
    <button
      className="btn"
      onClick={[Function]}
      type="button"
    >
      4
    </button>
    <button
      className="btn"
      onClick={[Function]}
      type="button"
    >
      5
    </button>
    <button
      className="btn"
      onClick={[Function]}
      type="button"
    >
      6
    </button>
    <button
      className="btn"
      onClick={[Function]}
      type="button"
    >
      -
    </button>
  </div>
  <div
    className="buttons_row"
  >
    <button
      className="btn"
      onClick={[Function]}
      type="button"
    >
      1
    </button>
    <button
      className="btn"
      onClick={[Function]}
      type="button"
    >
      2
    </button>
    <button
      className="btn"
      onClick={[Function]}
      type="button"
    >
      3
    </button>
    <button
      className="btn"
      onClick={[Function]}
      type="button"
    >
      +
    </button>
  </div>
  <div
    className="buttons_row"
  >
    <button
      className="btn"
      onClick={[Function]}
      type="button"
    >
      0
    </button>
    <button
      className="btn"
      onClick={[Function]}
      type="button"
    >
      .
    </button>
    <button
      className="btn"
      onClick={[Function]}
      type="button"
    >
      =
    </button>
  </div>
</div>
`;
