// Jest Snapshot v1, https://goo.gl/fbAQLP

exports[`Display component Matches Display snapshot 1`] = `
<div
  className="displayer"
>
  0
</div>
`;
