// Jest Snapshot v1, https://goo.gl/fbAQLP

exports[`Quote page Matches Quote page snapshot 1`] = `
<div
  className="quote"
>
  <h1
    className="quote_title"
  >
    Daily dose of wisdom
  </h1>
  <p
    className="quote_text"
  >
    Mathematics is the most beautiful and most powerful creation of the human spirit.
    <span>
      -by Stefan Banach
    </span>
  </p>
</div>
`;
